things
are
happening
